PeopleInConstantTrouble		
PeopleInConstantTrouble		
PeopleInConstantTrouble		
PeopleInConstantTrouble		
PeopleInConstantTrouble		
IronMan
IronMan
IronMan
2+2=4
2+2=4
2+2=4
2+2=4
2+2=4
2+2=4
2+2=4
2+2=4
2+2=4
HumptyDumptySatOnAWall
HumptyDumptySatOnAWall
HumptyDumptySatOnAWall
HumptyDumptySatOnAWall
HumptyDumptySatOnAWall
HumptyDumptySatOnAWall
HumptyDumptySatOnAWall
HumptyDumptySatOnAWall
HumptyDumptySatOnAWall
HumptyDumptySatOnAWall
